15:08:29 0, 16703
15:08:31 0, 16703
15:08:33 0, 16703
15:08:35 0, 16703
15:08:37 0, 16703
15:08:39 0, 16703
15:08:41 0, 16703
15:08:43 97, 17039
15:08:45 98, 17039
15:08:47 98, 17039
15:08:50 98, 17039
15:08:52 98, 17039
15:08:54 98, 17039
15:08:56 98, 17039
15:08:58 98, 17039
15:09:00 98, 17039
15:09:02 98, 17039
15:09:04 98, 17039
15:09:06 98, 17039
15:09:08 98, 17039
15:09:10 98, 17039
15:09:12 0, 0
15:09:14 0, 0
15:09:16 0, 0
15:09:18 0, 3
15:09:20 0, 15753
15:09:22 0, 15753
15:09:24 0, 15753
15:09:26 0, 15753
15:09:28 0, 15753
15:09:30 0, 15753
15:09:32 0, 15753
15:09:34 0, 15753
15:09:36 0, 15753
15:09:38 0, 15753
15:09:40 0, 15753
15:09:42 0, 15753
15:09:44 0, 15753
15:09:46 0, 15753
15:09:48 0, 15753
15:09:50 0, 15753
15:09:52 0, 15753
15:09:54 0, 15753
15:09:56 0, 15753
15:09:58 0, 15753
15:10:00 0, 15753
15:10:02 0, 15753
15:10:05 0, 15753
15:10:07 0, 15753
15:10:09 0, 15753
15:10:11 0, 15753
15:10:13 0, 15753
15:10:15 0, 15753
15:10:17 0, 15753
15:10:19 0, 15753
15:10:21 0, 15753
15:10:23 0, 15753
15:10:25 0, 15753
15:10:27 0, 15753
15:10:29 0, 15753
15:10:31 0, 15753
15:10:33 0, 15753
15:10:35 0, 15753
15:10:37 0, 15753
15:10:39 0, 15753
15:10:41 0, 15753
15:10:43 0, 15753
15:10:45 0, 15753
15:10:47 0, 15753
15:10:49 0, 15753
15:10:51 0, 15753
15:10:53 0, 15753
15:10:55 0, 15753
15:10:57 0, 15753
15:10:59 0, 15753
15:11:01 0, 15753
15:11:03 0, 15753
15:11:05 0, 15753
15:11:07 0, 15753
15:11:09 0, 15753
15:11:11 0, 15753
15:11:13 0, 15753
15:11:15 0, 15753
15:11:17 0, 15753
15:11:19 0, 15753
15:11:22 0, 15753
15:11:24 0, 15753
15:11:26 0, 15753
15:11:28 0, 15753
15:11:30 0, 15753
15:11:32 0, 15753
15:11:34 0, 15753
15:11:36 0, 15753
15:11:38 0, 15753
15:11:40 0, 15753
15:11:42 0, 15753
15:11:44 0, 15753
15:11:46 0, 15753
15:11:48 0, 15753
15:11:50 0, 15753
15:11:52 0, 15753
15:11:54 0, 15753
15:11:56 0, 15753
15:11:58 0, 15753
15:12:00 0, 15753
15:12:02 0, 15753
15:12:04 0, 15753
15:12:06 0, 15753
15:12:08 0, 15753
15:12:10 0, 15753
15:12:12 0, 15753
15:12:14 0, 15753
15:12:16 0, 15753
15:12:18 0, 15753
15:12:20 0, 15753
15:12:22 0, 15753
15:12:24 0, 15753
15:12:26 0, 15753
15:12:28 0, 15753
15:12:30 0, 15753
15:12:32 0, 15753
15:12:34 0, 15753
15:12:36 0, 15753
15:12:39 0, 15753
15:12:41 0, 15753
15:12:43 0, 15753
15:12:45 0, 15753
15:12:47 0, 15753
15:12:49 0, 15753
15:12:51 0, 15753
15:12:53 0, 15753
15:12:55 0, 15753
15:12:57 0, 15753
15:12:59 0, 15753
15:13:01 0, 15753
15:13:03 0, 15753
15:13:05 0, 15753
15:13:07 0, 15753
15:13:09 0, 15753
15:13:11 0, 15753
15:13:13 0, 15753
15:13:15 0, 15753
15:13:17 0, 15753
15:13:19 0, 15753
15:13:21 0, 15753
15:13:23 0, 15753
15:13:25 0, 15753
15:13:27 0, 15753
15:13:29 0, 15753
15:13:31 0, 15753
15:13:33 0, 15753
15:13:35 0, 15753
15:13:37 0, 15753
15:13:39 0, 15753
15:13:41 0, 15753
15:13:43 0, 15753
15:13:45 0, 15753
15:13:47 0, 15753
15:13:49 0, 15753
15:13:51 0, 15753
15:13:53 0, 15753
15:13:55 0, 15753
15:13:58 0, 15753
15:14:00 0, 15753
15:14:02 0, 15753
15:14:04 0, 15753
15:14:06 0, 15753
15:14:08 0, 15753
15:14:10 0, 15753
15:14:12 0, 15753
15:14:14 0, 15753
15:14:16 0, 15753
15:14:18 0, 15753
15:14:20 66, 15753
15:14:22 0, 15753
15:14:24 0, 15753
15:14:26 0, 15753
15:14:28 0, 15753
15:14:30 0, 15753
15:14:32 0, 15753
15:14:34 0, 15753
15:14:36 0, 15753
15:14:38 0, 15753
15:14:40 0, 15753
15:14:42 0, 15753
15:14:44 0, 15753
15:14:46 0, 15753
15:14:48 0, 15753
15:14:50 0, 15753
15:14:52 0, 15753
15:14:54 0, 15753
15:14:56 0, 15753
15:14:58 0, 15753
15:15:00 0, 15753
15:15:02 0, 15753
15:15:04 0, 15753
15:15:06 0, 15753
15:15:08 0, 15753
15:15:10 0, 15753
15:15:12 0, 15753
15:15:15 0, 15753
15:15:17 0, 15753
15:15:19 0, 15753
15:15:21 0, 15753
15:15:23 0, 15753
15:15:25 0, 15753
15:15:27 0, 15753
15:15:29 0, 15753
15:15:31 0, 15753
15:15:33 0, 15753
15:15:35 0, 15753
15:15:37 0, 15753
15:15:39 0, 15753
15:15:41 0, 15753
15:15:43 0, 15753
15:15:45 0, 15753
15:15:47 0, 15753
15:15:49 0, 15753
15:15:51 0, 15753
15:15:53 0, 15753
15:15:55 0, 15753
15:15:57 0, 15753
15:15:59 0, 15753
15:16:01 0, 15753
15:16:03 0, 15753
15:16:05 0, 15753
15:16:07 0, 15753
15:16:09 0, 15753
15:16:11 0, 15753
15:16:13 0, 15753
15:16:15 0, 15753
15:16:17 0, 15753
15:16:19 0, 15753
15:16:21 0, 15753
15:16:23 0, 15753
15:16:25 0, 15753
15:16:27 0, 15753
15:16:29 0, 15753
15:16:32 0, 15753
15:16:34 0, 15753
15:16:36 0, 15753
15:16:38 0, 15753
15:16:40 0, 15753
15:16:42 0, 15753
15:16:44 0, 15753
15:16:46 0, 15753
15:16:48 0, 15753
15:16:50 0, 15753
15:16:52 0, 15753
15:16:54 0, 15753
15:16:56 0, 15753
15:16:58 0, 15753
15:17:00 0, 15753
15:17:02 0, 15753
15:17:04 0, 15753
15:17:06 0, 15753
15:17:08 0, 15753
15:17:10 0, 15753
15:17:12 0, 15753
15:17:14 0, 15753
15:17:16 0, 15753
15:17:18 0, 15753
15:17:20 0, 15753
15:17:22 0, 15753
15:17:24 0, 15753
15:17:26 0, 15753
15:17:28 0, 15753
15:17:30 0, 15753
15:17:32 0, 15753
15:17:34 0, 15753
15:17:36 0, 15753
15:17:38 0, 15753
15:17:40 0, 15753
15:17:42 0, 15753
15:17:44 0, 15753
15:17:46 0, 15753
15:17:49 0, 15753
15:17:51 0, 15753
15:17:53 0, 15753
15:17:55 0, 15753
15:17:57 0, 15753
15:17:59 0, 15753
15:18:01 0, 15753
15:18:03 0, 15753
15:18:05 0, 15753
15:18:07 0, 15753
15:18:09 0, 15753
15:18:11 0, 15753
15:18:13 0, 15753
15:18:15 0, 15753
15:18:17 0, 15753
15:18:19 0, 15753
15:18:21 0, 15753
15:18:23 0, 15753
15:18:25 0, 15753
15:18:27 0, 15753
15:18:29 0, 15753
15:18:31 0, 0
15:18:33 0, 0
15:18:35 0, 0
15:18:37 0, 0
15:18:39 0, 3
15:18:41 0, 15753
15:18:43 0, 15753
15:18:45 0, 15753
15:18:47 0, 15753
15:18:49 0, 15753
15:18:51 0, 15753
15:18:53 0, 15753
15:18:55 0, 15753
15:18:57 0, 15753
15:18:59 0, 15753
15:19:01 0, 15753
15:19:03 0, 15753
15:19:06 0, 15753
15:19:08 0, 15753
15:19:10 0, 15753
15:19:12 0, 15753
15:19:14 0, 15753
15:19:16 0, 15753
15:19:18 0, 15753
15:19:20 0, 15753
15:19:22 0, 15753
15:19:24 0, 15753
15:19:26 0, 15753
15:19:28 0, 15753
15:19:30 0, 15753
15:19:32 0, 15753
15:19:34 0, 15753
15:19:36 0, 15753
15:19:38 0, 15753
15:19:40 0, 15753
15:19:42 0, 15753
15:19:44 0, 15753
15:19:46 0, 15753
15:19:48 0, 15753
15:19:50 0, 15753
15:19:52 0, 15753
15:19:54 0, 15753
15:19:56 0, 15753
15:19:58 0, 15753
15:20:00 0, 15753
15:20:02 0, 15753
15:20:04 0, 15753
15:20:06 0, 15753
15:20:08 0, 15753
15:20:10 0, 15753
15:20:12 0, 15753
15:20:14 0, 15753
15:20:16 0, 15753
15:20:18 0, 15753
15:20:20 0, 15753
15:20:23 0, 15753
15:20:25 0, 15753
15:20:27 0, 15753
15:20:29 0, 15753
15:20:31 0, 15753
15:20:33 0, 15753
15:20:35 8, 16019
15:20:37 13, 16089
15:20:39 99, 19291
15:20:41 99, 19291
15:20:43 99, 19291
15:20:45 18, 19309
15:20:47 17, 19311
15:20:49 18, 19311
15:20:51 20, 19311
15:20:53 20, 19311
15:20:55 19, 21663
15:20:57 19, 21663
15:20:59 18, 21663
15:21:01 98, 21663
15:21:03 99, 21663
15:21:05 99, 21663
15:21:07 76, 21663
15:21:09 17, 21663
15:21:11 18, 21663
15:21:13 18, 21663
15:21:15 19, 21663
15:21:17 81, 21663
15:21:19 20, 21663
15:21:21 19, 21663
15:21:23 91, 21663
15:21:25 99, 21663
15:21:27 99, 21663
15:21:29 99, 21663
15:21:31 18, 21663
15:21:33 17, 21663
15:21:36 19, 21663
15:21:38 21, 21663
15:21:40 21, 21663
15:21:42 19, 21663
15:21:44 19, 21663
15:21:46 18, 21663
15:21:48 94, 21663
15:21:50 99, 21663
15:21:52 99, 21663
15:21:54 99, 21663
15:21:56 18, 21663
15:21:58 17, 21663
15:22:00 18, 21663
15:22:02 20, 21663
15:22:04 100, 21663
15:22:06 20, 21663
15:22:08 19, 21663
15:22:10 91, 21663
15:22:12 99, 21663
15:22:14 99, 21663
15:22:16 100, 21663
15:22:18 18, 21663
15:22:20 17, 21663
15:22:22 17, 21663
15:22:24 22, 21663
15:22:26 21, 21663
15:22:28 19, 21663
15:22:30 19, 21663
15:22:32 18, 21663
15:22:34 90, 21663
15:22:36 100, 21663
15:22:38 99, 21663
15:22:40 99, 21663
15:22:42 18, 21663
15:22:44 18, 21663
15:22:46 18, 21663
15:22:49 20, 21663
15:22:51 20, 21663
15:22:53 20, 21663
15:22:55 19, 21663
15:22:57 18, 21663
15:22:59 99, 21663
15:23:01 100, 21663
15:23:03 99, 21663
15:23:05 18, 21663
15:23:07 17, 21663
15:23:09 17, 21663
15:23:11 18, 21663
15:23:13 21, 21663
15:23:15 20, 21663
15:23:17 19, 21663
15:23:19 19, 21663
15:23:21 92, 21663
15:23:23 99, 21663
15:23:25 99, 21663
15:23:27 99, 21663
15:23:29 18, 21663
15:23:31 31, 21663
15:23:33 18, 21663
15:23:35 20, 21663
15:23:37 20, 21663
15:23:39 20, 21663
15:23:41 20, 21663
15:23:43 18, 21663
15:23:45 99, 21663
15:23:47 99, 21663
15:23:49 99, 21663
15:23:51 19, 21663
15:23:53 18, 21663
15:23:55 18, 21663
15:23:57 18, 21663
15:23:59 21, 21663
15:24:01 20, 21663
15:24:04 19, 21663
15:24:06 18, 21663
15:24:08 91, 21663
15:24:10 99, 21663
15:24:12 99, 21663
15:24:14 99, 21663
15:24:16 18, 21663
15:24:18 31, 21663
15:24:20 18, 21663
15:24:22 21, 21663
15:24:24 20, 21663
15:24:26 20, 21663
15:24:28 19, 21663
15:24:30 18, 21663
15:24:32 99, 21663
15:24:34 99, 21663
15:24:36 99, 21663
15:24:38 37, 21663
15:24:40 17, 21663
15:24:42 17, 21663
15:24:44 18, 21663
15:24:46 19, 21663
15:24:48 58, 21663
15:24:50 20, 21663
15:24:52 19, 21663
15:24:54 90, 21663
15:24:56 99, 21663
15:24:58 99, 21663
15:25:00 99, 21663
15:25:02 18, 21663
15:25:04 18, 21663
15:25:06 19, 21663
15:25:08 21, 21663
15:25:10 20, 21663
15:25:12 20, 21663
15:25:14 20, 21663
15:25:16 18, 21663
15:25:19 99, 21663
15:25:21 99, 21663
15:25:23 99, 21663
15:25:25 61, 21663
15:25:27 17, 21663
15:25:29 18, 21663
15:25:31 18, 21663
15:25:33 20, 21663
15:25:35 100, 21663
15:25:37 19, 21663
15:25:39 19, 21663
15:25:41 91, 21663
15:25:43 99, 21663
15:25:45 99, 21663
15:25:47 99, 21663
15:25:49 18, 21663
15:25:51 17, 21663
15:25:53 25, 21663
15:25:55 21, 21663
15:25:57 20, 21663
15:25:59 20, 21663
15:26:01 19, 21663
15:26:03 18, 21663
15:26:05 91, 21663
15:26:07 99, 21663
15:26:09 99, 21663
15:26:11 99, 21663
15:26:13 31, 21663
15:26:15 17, 21663
15:26:17 18, 21663
15:26:19 20, 21663
15:26:21 19, 21663
15:26:23 20, 21663
15:26:25 19, 21663
15:26:27 18, 21663
15:26:29 99, 21663
15:26:32 99, 21663
15:26:34 99, 21663
15:26:36 18, 21663
15:26:38 17, 21663
15:26:40 16, 21663
15:26:42 18, 21663
15:26:44 21, 21663
15:26:46 20, 21663
15:26:48 19, 21663
15:26:50 18, 21663
15:26:52 91, 21663
15:26:54 99, 21663
15:26:56 99, 21663
15:26:58 99, 21663
15:27:00 18, 21663
15:27:02 17, 21663
15:27:04 18, 21663
15:27:06 20, 21663
15:27:08 20, 21663
15:27:10 20, 21663
15:27:12 19, 21663
15:27:14 17, 21663
15:27:16 95, 21663
15:27:18 99, 21663
15:27:20 99, 21663
15:27:22 99, 21663
15:27:24 17, 21663
15:27:26 17, 21663
15:27:28 18, 21663
15:27:30 20, 21663
15:27:32 43, 21663
15:27:34 20, 21663
15:27:36 19, 21663
15:27:38 18, 21663
15:27:40 99, 21663
15:27:42 99, 21663
15:27:44 100, 21663
15:27:47 18, 21663
15:27:49 17, 21663
15:27:51 18, 21663
15:27:53 35, 21663
15:27:55 21, 21663
15:27:57 20, 21663
15:27:59 19, 21663
15:28:01 19, 21663
15:28:03 90, 21663
15:28:05 99, 21663
15:28:07 99, 21663
15:28:09 99, 21663
15:28:11 18, 21663
15:28:13 28, 21663
15:28:15 18, 21663
15:28:17 21, 21663
15:28:19 20, 21663
15:28:21 20, 21663
15:28:23 19, 21663
15:28:25 18, 21663
15:28:27 100, 21663
15:28:29 99, 21663
15:28:31 99, 21663
15:28:33 19, 21663
15:28:35 18, 21663
15:28:37 18, 21663
15:28:39 18, 21663
15:28:41 22, 21663
15:28:43 22, 21663
15:28:45 19, 21663
15:28:47 19, 21663
15:28:49 91, 21663
15:28:51 99, 21663
15:28:53 99, 21663
15:28:55 99, 21663
15:28:58 18, 21663
15:29:00 17, 21663
15:29:02 19, 21663
15:29:04 21, 21663
15:29:06 20, 21663
15:29:08 19, 21663
15:29:10 19, 21663
15:29:12 18, 21663
15:29:14 91, 21663
15:29:16 99, 21663
15:29:18 99, 21663
15:29:20 99, 21663
15:29:22 17, 21663
15:29:24 17, 21663
15:29:26 18, 21663
15:29:28 20, 21663
15:29:30 99, 21663
15:29:32 19, 21663
15:29:34 18, 21663
15:29:36 91, 21663
15:29:38 99, 21663
15:29:40 99, 21663
15:29:42 100, 21663
15:29:44 18, 21663
15:29:46 17, 21663
15:29:48 17, 21663
15:29:50 22, 21663
15:29:52 21, 21663
15:29:54 19, 21663
15:29:56 20, 21663
15:29:58 18, 21663
15:30:00 89, 21663
15:30:02 99, 21663
15:30:04 99, 21663
15:30:06 99, 21663
15:30:08 18, 21663
15:30:10 17, 21663
15:30:13 18, 21663
15:30:15 20, 21663
15:30:17 20, 21663
15:30:19 20, 21663
15:30:21 19, 21663
15:30:23 18, 21663
15:30:25 99, 21663
15:30:27 99, 21663
15:30:29 99, 21663
15:30:31 24, 21663
15:30:33 18, 21663
15:30:35 18, 21663
15:30:37 18, 21663
15:30:39 36, 21663
15:30:41 20, 21663
15:30:43 20, 21663
15:30:45 18, 21663
15:30:47 91, 21663
15:30:49 99, 21663
15:30:51 99, 21663
15:30:53 99, 21663
15:30:55 18, 21663
15:30:57 18, 21663
15:30:59 19, 21663
15:31:01 21, 21663
15:31:03 20, 21663
15:31:05 20, 21663
15:31:07 20, 21663
15:31:09 18, 21663
15:31:11 99, 21663
15:31:13 99, 21663
15:31:15 99, 21663
15:31:17 46, 21663
15:31:19 17, 21663
15:31:21 17, 21663
15:31:23 18, 21663
15:31:26 19, 21663
15:31:28 100, 21663
15:31:30 20, 21663
15:31:32 19, 21663
15:31:34 91, 21663
15:31:36 99, 21663
15:31:38 99, 21663
15:31:40 99, 21663
15:31:42 18, 21663
15:31:44 17, 21663
15:31:46 19, 21663
15:31:48 21, 21663
15:31:50 21, 21663
15:31:52 20, 21663
15:31:54 19, 21663
15:31:56 18, 21663
15:31:58 90, 21663
15:32:00 99, 21663
15:32:02 99, 21663
15:32:04 99, 21663
15:32:06 17, 21663
15:32:08 17, 21663
15:32:10 18, 21663
15:32:12 20, 21663
15:32:14 19, 21663
15:32:16 20, 21663
15:32:18 19, 21663
15:32:20 18, 21663
15:32:22 99, 21663
15:32:24 99, 21663
15:32:26 100, 21663
15:32:28 19, 21663
15:32:30 17, 21663
15:32:32 17, 21663
15:32:34 34, 21663
15:32:36 21, 21663
15:32:38 20, 21663
15:32:41 19, 21663
15:32:43 19, 21663
15:32:45 87, 21663
15:32:47 99, 21663
15:32:49 99, 21663
15:32:51 100, 21663
15:32:53 18, 21663
15:32:55 31, 21663
15:32:57 18, 21663
15:32:59 20, 21663
15:33:01 20, 21663
15:33:03 20, 21663
15:33:05 18, 21663
15:33:07 18, 21663
15:33:09 78, 21663
15:33:11 16, 21663
15:33:13 0, 21663
15:33:15 0, 21663
15:33:17 0, 21663
15:33:19 0, 21663
15:33:21 0, 21663
15:33:23 0, 21663
15:33:25 0, 21663
15:33:27 0, 21663
15:33:29 0, 21663
15:33:31 0, 21651
15:33:33 0, 21651
15:33:35 0, 21651
15:33:37 0, 21651
15:33:39 0, 21651
15:33:41 0, 21651
15:33:43 0, 21651
15:33:45 0, 21651
15:33:47 0, 21651
15:33:49 0, 21651
15:33:51 0, 21651
15:33:54 0, 21651
15:33:56 0, 21651
15:33:58 0, 21651
15:34:00 0, 0
15:34:02 0, 0
15:34:04 0, 0
15:34:06 0, 0
15:34:08 0, 0
15:34:10 0, 0
15:34:12 0, 0
15:34:14 0, 0
15:34:16 0, 0
15:34:18 0, 0
15:34:20 0, 0
15:34:22 0, 3
15:34:24 0, 3
15:34:26 0, 6125
15:34:28 0, 16979
15:34:30 0, 16979
15:34:32 0, 16979
15:34:34 0, 17061
15:34:36 98, 17061
15:34:38 98, 17061
15:34:40 98, 17061
15:34:42 98, 17061
15:34:44 98, 17061
15:34:46 98, 17061
15:34:48 98, 17061
15:34:50 98, 17061
15:34:52 98, 17061
15:34:54 98, 17061
15:34:56 98, 17061
15:34:58 98, 17061
15:35:00 98, 17061
15:35:02 57, 17061
15:35:04 0, 0
15:35:06 0, 0
15:35:09 0, 0
15:35:11 0, 0
15:35:13 0, 0
15:35:15 0, 0
15:35:17 0, 0
15:35:19 0, 0
15:35:21 0, 0
15:35:23 0, 0
15:35:25 0, 0
15:35:27 0, 3
15:35:29 0, 3
15:35:31 0, 15753
15:35:33 0, 15753
15:35:35 0, 15753
15:35:37 0, 15753
15:35:39 0, 15753
15:35:41 0, 15753
15:35:43 0, 15753
15:35:45 0, 15753
15:35:47 0, 15753
15:35:49 0, 15753
15:35:51 0, 15753
15:35:53 0, 15753
15:35:55 0, 15753
15:35:57 0, 15753
15:35:59 0, 15753
15:36:01 0, 15753
15:36:03 0, 15753
15:36:05 0, 15753
15:36:07 0, 15753
15:36:09 0, 15753
15:36:11 0, 15753
15:36:13 0, 15753
15:36:15 0, 15753
15:36:17 0, 15753
15:36:20 0, 15753
15:36:22 0, 15753
15:36:24 0, 15753
15:36:26 0, 15753
15:36:28 0, 15753
15:36:30 0, 15753
15:36:32 0, 15753
15:36:34 0, 15753
15:36:36 0, 15753
15:36:38 0, 15753
15:36:40 0, 15753
15:36:42 0, 15753
15:36:44 0, 15753
15:36:46 0, 15753
15:36:48 0, 15753
15:36:50 0, 15753
15:36:52 0, 15753
15:36:54 0, 15753
15:36:56 0, 15753
15:36:58 0, 15753
15:37:00 0, 15753
15:37:02 0, 15753
15:37:04 0, 15753
15:37:06 0, 15753
15:37:08 0, 15753
15:37:10 0, 15753
15:37:12 0, 15753
15:37:14 0, 15753
15:37:16 0, 15753
15:37:18 0, 15753
15:37:20 0, 15753
15:37:22 0, 15753
15:37:24 0, 15753
15:37:26 0, 15753
15:37:28 0, 15753
15:37:30 0, 15753
15:37:32 0, 15753
15:37:34 0, 15753
15:37:36 0, 15753
15:37:39 0, 15753
15:37:41 0, 15753
15:37:43 0, 15753
15:37:45 0, 15753
15:37:47 0, 15753
15:37:49 0, 15753
15:37:51 0, 15753
15:37:53 0, 15753
15:37:55 0, 15753
15:37:57 0, 15753
15:37:59 0, 15753
15:38:01 0, 15753
15:38:03 0, 15753
15:38:05 0, 15753
15:38:07 0, 15753
15:38:09 0, 15753
15:38:11 0, 15753
15:38:13 0, 15753
15:38:15 0, 15753
15:38:17 0, 15753
15:38:19 0, 15753
15:38:21 0, 15753
15:38:23 0, 15753
15:38:25 0, 15753
15:38:27 0, 15753
15:38:29 0, 15753
15:38:31 0, 15753
15:38:33 0, 15753
15:38:35 0, 15753
15:38:37 0, 15753
15:38:39 0, 15753
15:38:41 0, 15753
15:38:43 0, 15753
15:38:45 0, 15753
15:38:47 0, 15753
15:38:49 0, 15753
15:38:51 0, 15753
15:38:53 0, 15753
15:38:56 0, 15753
15:38:58 0, 15753
15:39:00 0, 15753
15:39:02 0, 15753
15:39:04 0, 15753
15:39:06 0, 15753
15:39:08 0, 15753
15:39:10 0, 15753
15:39:12 0, 15753
15:39:14 0, 15753
15:39:16 0, 15753
15:39:18 0, 15753
15:39:20 0, 15753
15:39:22 0, 15753
15:39:24 0, 15753
15:39:26 0, 15753
15:39:28 0, 15753
15:39:30 0, 15753
15:39:32 0, 15753
15:39:34 0, 15753
15:39:36 0, 15753
15:39:38 0, 15753
15:39:40 0, 15753
15:39:42 0, 15753
15:39:44 0, 15753
15:39:46 0, 15753
15:39:48 0, 15753
15:39:50 0, 15753
15:39:52 0, 15753
15:39:54 0, 15753
15:39:56 0, 15753
15:39:58 0, 15753
15:40:00 0, 15753
15:40:02 0, 15753
15:40:04 0, 15753
15:40:06 0, 15753
15:40:08 0, 15753
15:40:10 0, 15753
15:40:13 0, 15753
15:40:15 0, 15753
15:40:17 0, 15753
15:40:19 0, 15753
15:40:21 0, 15753
15:40:23 0, 15753
15:40:25 0, 15753
15:40:27 0, 15753
15:40:29 0, 15753
15:40:31 0, 15753
15:40:33 0, 15753
15:40:35 0, 15753
15:40:37 0, 15753
15:40:39 0, 15753
15:40:41 0, 0
15:40:43 0, 0
15:40:45 0, 0
15:40:47 0, 0
15:40:49 0, 0
15:40:51 0, 0
15:40:53 0, 0
15:40:55 0, 0
15:40:57 0, 0
15:40:59 0, 0
15:41:01 0, 0
15:41:03 0, 0
15:41:05 0, 0
15:41:07 0, 0
15:41:09 0, 0
15:41:11 0, 0
15:41:13 0, 0
15:41:15 0, 0
15:41:17 0, 0
15:41:19 0, 3
15:41:21 66, 15753
15:41:23 0, 15753
15:41:25 0, 15753
15:41:27 0, 15753
15:41:30 0, 15753
15:41:32 0, 15997
15:41:34 3, 16033
15:41:36 99, 18835
15:41:38 98, 18835
15:41:40 31, 18851
15:41:42 17, 18851
15:41:44 18, 18851
15:41:46 20, 18855
15:41:48 20, 18855
15:41:50 20, 21207
15:41:52 19, 21207
15:41:54 18, 21207
15:41:56 100, 21207
15:41:58 99, 21207
15:42:00 31, 21207
15:42:02 17, 21207
15:42:04 18, 21207
15:42:06 20, 21207
15:42:08 19, 21207
15:42:10 19, 21207
15:42:12 19, 21207
15:42:14 18, 21207
15:42:16 99, 21207
15:42:18 99, 21207
15:42:20 17, 21207
15:42:22 17, 21207
15:42:24 18, 21207
15:42:26 19, 21207
15:42:28 19, 21207
15:42:30 20, 21207
15:42:32 19, 21207
15:42:34 18, 21207
15:42:36 99, 21207
15:42:38 99, 21207
15:42:40 17, 21207
15:42:43 17, 21207
15:42:45 18, 21207
15:42:47 19, 21207
15:42:49 100, 21207
15:42:51 20, 21207
15:42:53 19, 21207
15:42:55 73, 21207
15:42:57 99, 21207
15:42:59 19, 21207
15:43:01 17, 21207
15:43:03 17, 21207
15:43:05 18, 21207
15:43:07 35, 21207
15:43:09 43, 21207
15:43:11 20, 21207
15:43:13 19, 21207
15:43:15 72, 21207
15:43:17 99, 21207
15:43:19 19, 21207
15:43:21 17, 21207
15:43:23 17, 21207
15:43:25 18, 21207
15:43:27 21, 21207
15:43:29 19, 21207
15:43:31 19, 21207
15:43:33 19, 21207
15:43:35 75, 21207
15:43:37 99, 21207
15:43:39 19, 21207
15:43:41 17, 21207
15:43:43 17, 21207
15:43:45 36, 21207
15:43:47 21, 21207
15:43:49 20, 21207
15:43:51 19, 21207
15:43:53 18, 21207
15:43:56 84, 21207
15:43:58 99, 21207
15:44:00 18, 21207
15:44:02 17, 21207
15:44:04 17, 21207
15:44:06 21, 21207
15:44:08 21, 21207
15:44:10 20, 21207
15:44:12 19, 21207
15:44:14 18, 21207
15:44:16 100, 21207
15:44:18 99, 21207
15:44:20 18, 21207
15:44:22 17, 21207
15:44:24 17, 21207
15:44:26 20, 21207
15:44:28 21, 21207
15:44:30 20, 21207
15:44:32 19, 21207
15:44:34 18, 21207
15:44:36 100, 21207
15:44:38 99, 21207
15:44:40 18, 21207
15:44:42 17, 21207
15:44:44 18, 21207
15:44:46 20, 21207
15:44:48 20, 21207
15:44:50 20, 21207
15:44:52 19, 21207
15:44:54 18, 21207
15:44:56 99, 21207
15:44:58 100, 21207
15:45:00 18, 21207
15:45:02 31, 21207
15:45:04 18, 21207
15:45:07 20, 21207
15:45:09 20, 21207
15:45:11 20, 21207
15:45:13 19, 21207
15:45:15 18, 21207
15:45:17 100, 21207
15:45:19 99, 21207
15:45:21 18, 21207
15:45:23 17, 21207
15:45:25 18, 21207
15:45:27 20, 21207
15:45:29 20, 21207
15:45:31 20, 21207
15:45:33 19, 21207
15:45:35 18, 21207
15:45:37 99, 21207
15:45:39 99, 21207
15:45:41 18, 21207
15:45:43 17, 21207
15:45:45 18, 21207
15:45:47 20, 21207
15:45:49 19, 21207
15:45:51 20, 21207
15:45:53 19, 21207
15:45:55 18, 21207
15:45:57 99, 21207
15:45:59 99, 21207
15:46:01 17, 21207
15:46:03 17, 21207
15:46:05 18, 21207
15:46:07 20, 21207
15:46:09 100, 21207
15:46:11 20, 21207
15:46:13 19, 21207
15:46:15 71, 21207
15:46:17 99, 21207
15:46:19 18, 21207
15:46:22 17, 21207
15:46:24 17, 21207
15:46:26 18, 21207
15:46:28 22, 21207
15:46:30 20, 21207
15:46:32 20, 21207
15:46:34 19, 21207
15:46:36 66, 21207
15:46:38 99, 21207
15:46:40 19, 21207
15:46:42 17, 21207
15:46:44 17, 21207
15:46:46 18, 21207
15:46:48 21, 21207
15:46:50 20, 21207
15:46:52 19, 21207
15:46:54 19, 21207
15:46:56 99, 21207
15:46:58 99, 21207
15:47:00 19, 21207
15:47:02 17, 21207
15:47:04 17, 21207
15:47:06 21, 21207
15:47:08 21, 21207
15:47:10 20, 21207
15:47:12 19, 21207
15:47:14 18, 21207
15:47:16 100, 21207
15:47:18 99, 21207
15:47:20 18, 21207
15:47:22 17, 21207
15:47:24 32, 21207
15:47:26 21, 21207
15:47:28 20, 21207
15:47:30 20, 21207
15:47:32 19, 21207
15:47:35 18, 21207
15:47:37 100, 21207
15:47:39 99, 21207
15:47:41 18, 21207
15:47:43 17, 21207
15:47:45 18, 21207
15:47:47 21, 21207
15:47:49 20, 21207
15:47:51 20, 21207
15:47:53 19, 21207
15:47:55 18, 21207
15:47:57 99, 21207
15:47:59 100, 21207
15:48:01 18, 21207
15:48:03 17, 21207
15:48:05 18, 21207
15:48:07 20, 21207
15:48:09 20, 21207
15:48:11 20, 21207
15:48:13 19, 21207
15:48:15 18, 21207
15:48:17 99, 21207
15:48:19 99, 21207
15:48:21 18, 21207
15:48:23 30, 21207
15:48:25 19, 21207
15:48:27 21, 21207
15:48:29 20, 21207
15:48:31 20, 21207
15:48:33 19, 21207
15:48:35 17, 21207
15:48:37 99, 21207
15:48:39 99, 21207
15:48:41 3, 21207
15:48:44 17, 21207
15:48:46 17, 21207
15:48:48 18, 21207
15:48:50 24, 21207
15:48:52 20, 21207
15:48:54 12, 21207
15:48:56 19, 21207
15:48:58 18, 21207
15:49:00 99, 21207
15:49:02 99, 21207
15:49:04 17, 21207
15:49:06 17, 21207
15:49:08 18, 21207
15:49:10 20, 21207
15:49:12 20, 21207
15:49:14 20, 21207
15:49:16 19, 21207
15:49:18 18, 21207
15:49:20 99, 21207
15:49:22 99, 21207
15:49:24 31, 21207
15:49:26 17, 21207
15:49:28 18, 21207
15:49:30 20, 21207
15:49:32 100, 21207
15:49:35 19, 21207
15:49:37 19, 21207
15:49:39 70, 21207
15:49:41 99, 21207
15:49:43 18, 21207
15:49:45 17, 21207
15:49:47 17, 21207
15:49:49 18, 21207
15:49:51 19, 21207
15:49:53 100, 21207
15:49:55 19, 21207
15:49:57 19, 21207
15:49:59 71, 21207
15:50:01 99, 21207
15:50:03 19, 21207
15:50:05 17, 21207
15:50:08 17, 21207
15:50:10 18, 21207
15:50:12 35, 21207
15:50:14 100, 21207
15:50:16 19, 21207
15:50:18 19, 21207
15:50:20 70, 21207
15:50:22 99, 21207
15:50:24 18, 21207
15:50:26 17, 21207
15:50:28 17, 21207
15:50:30 17, 21207
15:50:32 62, 23902
15:50:34 95, 37084
15:50:36 20, 37152
15:50:38 19, 37152
15:50:40 74, 37152
15:50:42 99, 37184
15:50:44 19, 37216
15:50:46 100, 37222
15:50:48 100, 37234
15:50:50 100, 37248
15:50:52 100, 37252
15:50:54 100, 37274
15:50:56 100, 37274
15:50:58 100, 37274
15:51:00 27, 37274
15:51:02 18, 37274
15:51:04 20, 37274
15:51:06 19, 37274
15:51:08 20, 37274
15:51:10 19, 21207
15:51:13 18, 21207
15:51:15 99, 21207
15:51:17 99, 21207
15:51:19 18, 21207
15:51:21 17, 21207
15:51:23 18, 21207
15:51:25 20, 21207
15:51:27 20, 21207
15:51:29 20, 21207
15:51:31 19, 21207
15:51:33 18, 21207
15:51:35 99, 21207
15:51:37 99, 21207
15:51:39 31, 21207
15:51:41 17, 21207
15:51:43 18, 21207
15:51:45 20, 21207
15:51:47 19, 21207
15:51:49 20, 21207
15:51:51 19, 21207
15:51:53 18, 21207
15:51:55 99, 21207
15:51:57 99, 21207
15:51:59 17, 21207
15:52:01 17, 21207
15:52:03 18, 21207
15:52:05 20, 21207
15:52:07 19, 21207
15:52:09 20, 21207
15:52:11 19, 21207
15:52:13 39, 21207
15:52:15 99, 21207
15:52:17 67, 21207
15:52:19 17, 21207
15:52:21 17, 21207
15:52:24 18, 21207
15:52:26 19, 21207
15:52:28 100, 21207
15:52:30 20, 21207
15:52:32 19, 21207
15:52:34 84, 21207
15:52:36 13, 21207
15:52:38 14, 21207
15:52:40 0, 21207
15:52:42 0, 21207
15:52:44 0, 21207
15:52:46 0, 21207
15:52:48 0, 21207
15:52:50 0, 21207
15:52:52 0, 21207
15:52:54 0, 21207
15:52:56 0, 21195
15:52:58 0, 0
15:53:00 0, 0
15:53:02 0, 0
15:53:04 0, 0
15:53:06 0, 0
15:53:08 0, 0
15:53:10 0, 0
15:53:12 0, 0
15:53:14 0, 0
15:53:16 0, 0
15:53:18 0, 0
15:53:20 0, 0
15:53:22 0, 0
15:53:24 0, 0
15:53:26 0, 0
15:53:28 0, 0
15:53:30 0, 0
15:53:32 0, 0
15:53:34 0, 0
15:53:36 0, 0
15:53:39 0, 0
15:53:41 0, 0
15:53:43 0, 0
15:53:45 0, 3
15:53:47 0, 5979
15:53:49 0, 16943
15:53:51 98, 17011
15:53:53 98, 17011
15:53:55 98, 17011
15:53:57 98, 17011
15:53:59 98, 17011
15:54:01 98, 17011
15:54:03 98, 17011
15:54:05 98, 17011
15:54:07 98, 17011
15:54:09 98, 17011
15:54:11 98, 17011
15:54:13 98, 17011
15:54:15 98, 17011
15:54:17 98, 17011
15:54:19 0, 0
15:54:21 0, 0
15:54:23 0, 0
15:54:25 0, 0
15:54:27 0, 0
15:54:29 0, 0
15:54:31 0, 0
15:54:33 0, 0
15:54:35 0, 0
15:54:37 0, 0
15:54:39 0, 0
15:54:41 0, 0
15:54:43 0, 0
15:54:45 0, 0
15:54:47 0, 0
15:54:49 0, 0
15:54:52 0, 0
15:54:54 0, 0
15:54:56 0, 0
15:54:58 0, 0
15:55:00 0, 0
15:55:02 0, 0
15:55:04 0, 0
15:55:06 0, 0
15:55:08 0, 0
15:55:10 0, 0
15:55:12 0, 0
15:55:14 0, 0
15:55:16 0, 0
15:55:18 0, 0
15:55:20 0, 0
15:55:22 0, 0
15:55:24 0, 0
15:55:26 0, 0
15:55:28 0, 0
15:55:30 0, 0
15:55:32 0, 0
15:55:34 0, 0
15:55:36 0, 0
15:55:38 0, 0
15:55:40 0, 0
15:55:42 0, 0
15:55:44 0, 0
15:55:46 0, 0
15:55:48 0, 0
15:55:50 0, 0
15:55:52 0, 0
15:55:54 0, 0
15:55:57 0, 0
15:55:59 0, 0
15:56:01 0, 0
15:56:03 0, 0
15:56:05 0, 0
15:56:07 0, 0
15:56:09 0, 0
15:56:11 0, 0
15:56:13 0, 0
15:56:15 0, 0
15:56:17 0, 0
15:56:19 0, 0
15:56:21 0, 0
15:56:23 0, 0
15:56:25 0, 0
15:56:27 0, 0
15:56:29 0, 0
15:56:31 0, 0
15:56:33 0, 0
15:56:35 0, 0
15:56:37 0, 0
15:56:39 0, 0
15:56:41 0, 0
15:56:43 0, 0
15:56:45 0, 0
15:56:47 0, 0
15:56:49 0, 0
15:56:51 0, 0
15:56:53 0, 0
15:56:55 0, 0
15:56:57 0, 0
15:56:59 0, 0
15:57:01 0, 0
15:57:04 0, 0
15:57:06 0, 0
15:57:08 0, 0
15:57:10 0, 0
15:57:12 0, 0
15:57:14 0, 0
15:57:16 0, 0
15:57:18 0, 0
15:57:20 0, 0
15:57:22 0, 0
15:57:24 0, 0
15:57:26 0, 0
15:57:28 0, 0
15:57:30 0, 0
15:57:32 0, 0
15:57:34 0, 0
15:57:36 0, 0
15:57:38 56, 7627
15:57:40 0, 15949
15:57:42 0, 15949
15:57:44 100, 16015
15:57:46 100, 16031
15:57:48 100, 16047
15:57:50 100, 16071
15:57:52 100, 16071
15:57:54 100, 16071
15:57:56 0, 16071
15:57:58 0, 0
15:58:00 0, 0
15:58:02 0, 0
15:58:05 0, 0
15:58:07 0, 0
15:58:09 0, 0
15:58:11 0, 0
15:58:13 0, 0
15:58:15 0, 0
15:58:17 0, 0
15:58:19 0, 0
15:58:21 0, 0
15:58:23 0, 0
15:58:25 0, 0
15:58:27 0, 0
15:58:29 0, 0
15:58:31 0, 0
15:58:33 0, 0
15:58:35 0, 0
15:58:37 0, 0
15:58:39 0, 0
15:58:41 0, 0
15:58:43 0, 0
15:58:45 0, 0
15:58:47 0, 0
15:58:49 0, 0
15:58:51 0, 0
15:58:53 0, 0
15:58:55 0, 0
15:58:57 0, 0
15:58:59 0, 0
15:59:01 0, 0
15:59:03 0, 0
15:59:05 0, 0
15:59:07 0, 0
15:59:10 0, 0
15:59:12 0, 0
15:59:14 0, 0
15:59:16 0, 0
15:59:18 0, 0
15:59:20 0, 0
15:59:22 0, 0
15:59:24 0, 0
15:59:26 0, 0
15:59:28 0, 0
15:59:30 0, 0
15:59:32 0, 0
15:59:34 0, 0
15:59:36 0, 0
15:59:38 0, 0
15:59:40 0, 0
15:59:42 0, 0
15:59:44 0, 0
15:59:46 0, 0
15:59:48 0, 0
15:59:50 0, 0
15:59:52 0, 0
15:59:54 0, 0
15:59:56 0, 0
15:59:58 0, 0
16:00:00 0, 0
16:00:02 0, 0
16:00:04 0, 0
16:00:06 0, 0
16:00:08 0, 0
16:00:10 0, 0
16:00:12 0, 0
16:00:14 0, 0
16:00:16 0, 0
16:00:18 0, 0
16:00:20 0, 0
16:00:22 0, 0
16:00:25 0, 0
16:00:27 0, 0
16:00:29 0, 0
16:00:31 0, 0
16:00:33 0, 0
16:00:35 0, 0
16:00:37 0, 0
16:00:39 0, 0
16:00:41 0, 0
16:00:43 0, 0
16:00:45 0, 0
16:00:47 0, 0
16:00:49 0, 0
16:00:51 0, 0
16:00:53 0, 0
16:00:55 0, 0
16:00:57 0, 0
16:00:59 0, 0
16:01:01 0, 0
16:01:03 0, 0
16:01:05 0, 0
16:01:07 0, 0
16:01:09 0, 0
16:01:11 0, 0
16:01:13 0, 0
16:01:15 0, 0
16:01:17 0, 0
16:01:19 0, 0
16:01:21 0, 0
16:01:23 0, 0
16:01:25 0, 0
16:01:27 0, 0
16:01:30 0, 0
16:01:32 0, 0
16:01:34 0, 0
16:01:36 0, 0
16:01:38 0, 0
16:01:40 0, 0
16:01:42 0, 0
16:01:44 0, 0
16:01:46 0, 0
16:01:48 0, 0
16:01:50 0, 0
16:01:52 0, 0
16:01:54 0, 0
16:01:56 0, 0
16:01:58 0, 0
16:02:00 0, 0
16:02:02 0, 0
16:02:04 0, 0
16:02:06 0, 0
16:02:08 0, 0
16:02:10 0, 0
16:02:12 0, 0
16:02:14 0, 0
16:02:16 0, 0
16:02:18 0, 0
16:02:20 0, 0
16:02:22 0, 0
16:02:24 0, 0
16:02:26 0, 0
16:02:28 0, 0
16:02:30 0, 0
16:02:32 0, 0
16:02:34 0, 0
16:02:37 0, 0
16:02:39 0, 0
16:02:41 0, 0
16:02:43 0, 0
16:02:45 0, 0
16:02:47 0, 0
16:02:49 0, 0
16:02:51 0, 0
16:02:53 0, 0
16:02:55 0, 0
16:02:57 0, 0
16:02:59 0, 0
16:03:01 0, 0
16:03:03 0, 0
16:03:05 0, 0
16:03:07 0, 0
16:03:09 50, 2475
16:03:11 83, 15883
16:03:14 0, 15949
16:03:16 0, 16009
16:03:18 100, 0
16:03:20 0, 0
16:03:22 0, 0
16:03:24 0, 0
16:03:26 0, 0
16:03:28 0, 0
16:03:30 0, 0
16:03:32 0, 0
16:03:34 0, 0
16:03:36 0, 0
16:03:38 0, 0
16:03:40 0, 0
16:03:42 0, 0
16:03:44 0, 0
16:03:46 0, 0
16:03:48 0, 0
16:03:50 0, 0
16:03:52 0, 0
16:03:54 0, 0
16:03:56 0, 0
16:03:58 0, 0
16:04:00 0, 0
16:04:02 0, 0
16:04:04 0, 0
16:04:06 0, 0
16:04:08 0, 0
16:04:10 0, 0
16:04:13 0, 0
16:04:15 0, 0
16:04:17 36, 1437
16:04:19 51, 14039
16:04:21 0, 15949
16:04:23 100, 16017
16:04:25 100, 16031
16:04:27 100, 16047
16:04:29 100, 16071
16:04:31 100, 16071
16:04:33 100, 16071
16:04:35 0, 16068
16:04:37 0, 0
16:04:39 0, 0
16:04:41 0, 0
16:04:43 0, 0
16:04:45 0, 0
16:04:47 0, 0
16:04:49 0, 0
16:04:51 0, 0
16:04:53 0, 0
16:04:55 0, 0
16:04:57 0, 0
16:04:59 0, 0
16:05:01 0, 0
16:05:04 0, 0
16:05:06 0, 0
16:05:08 0, 0
16:05:10 0, 3
16:05:12 54, 11407
16:05:14 0, 15949
16:05:16 97, 16105
16:05:18 98, 16197
16:05:20 99, 16199
16:05:22 98, 16307
16:05:24 97, 16431
16:05:26 98, 16431
16:05:28 100, 16435
16:05:30 100, 16435
16:05:32 98, 16435
16:05:34 98, 16651
16:05:36 97, 17091
16:05:38 98, 17091
16:05:40 97, 17091
16:05:42 98, 17091
16:05:44 100, 17091
16:05:46 100, 17101
16:05:48 100, 17103
16:05:50 100, 17103
16:05:52 100, 17103
16:05:54 98, 17103
16:05:56 98, 17103
16:05:58 98, 17643
16:06:00 98, 18423
16:06:02 97, 19103
16:06:04 98, 19103
16:06:07 98, 19103
16:06:09 98, 19103
16:06:11 99, 19103
16:06:13 97, 19103
16:06:15 98, 19103
16:06:17 98, 19103
16:06:19 99, 19103
16:06:21 100, 19103
16:06:23 100, 19103
16:06:25 100, 19121
16:06:27 100, 19121
16:06:29 100, 19121
16:06:31 100, 19121
16:06:33 100, 19121
16:06:35 100, 19121
16:06:37 100, 19121
16:06:39 98, 19121
16:06:41 98, 19121
16:06:43 98, 19121
16:06:45 98, 19121
16:06:47 99, 19121
16:06:49 99, 19881
16:06:51 99, 20821
16:06:53 99, 21971
16:06:55 99, 23001
16:06:57 99, 24241
16:06:59 99, 25305
16:07:01 98, 26145
16:07:03 98, 26145
16:07:05 98, 26145
16:07:07 99, 26145
16:07:09 99, 26145
16:07:11 99, 26145
16:07:14 99, 26145
16:07:16 99, 26145
16:07:18 99, 26145
16:07:20 99, 26145
16:07:22 99, 26145
16:07:24 97, 26145
16:07:26 97, 26145
16:07:28 98, 26145
16:07:30 99, 26145
16:07:32 98, 26145
16:07:34 99, 26145
16:07:36 99, 26145
16:07:38 99, 26145
16:07:40 99, 26145
16:07:42 99, 26145
16:07:44 99, 26145
16:07:46 100, 26145
16:07:48 100, 26145
16:07:50 100, 26145
16:07:52 100, 26167
16:07:54 100, 26167
16:07:56 100, 26169
16:07:58 100, 26169
16:08:00 100, 26169
16:08:02 100, 26169
16:08:04 100, 26169
16:08:06 100, 26169
16:08:08 100, 26169
16:08:10 100, 26169
16:08:12 100, 26169
16:08:14 100, 26169
16:08:16 100, 26169
16:08:18 100, 26169
16:08:21 100, 26169
16:08:23 0, 26169
16:08:25 0, 26169
16:08:27 0, 26169
16:08:29 0, 26169
16:08:31 0, 0
16:08:33 0, 0
16:08:35 0, 0
16:08:37 0, 0
16:08:39 0, 0
16:08:41 0, 0
16:08:43 0, 0
16:08:45 0, 0
16:08:47 0, 0
16:08:49 0, 0
16:08:51 0, 0
16:08:53 0, 0
16:08:55 0, 0
16:08:57 0, 0
16:08:59 0, 0
16:09:01 0, 0
16:09:03 0, 0
16:09:05 0, 0
16:09:07 0, 0
16:09:09 0, 0
16:09:11 0, 0
16:09:13 0, 0
16:09:15 0, 0
16:09:17 0, 0
16:09:19 0, 0
16:09:22 0, 0
16:09:24 0, 0
16:09:26 0, 0
16:09:28 0, 0
16:09:30 0, 0
16:09:32 0, 0
16:09:34 0, 0
16:09:36 0, 0
16:09:38 0, 0
16:09:40 0, 0
16:09:42 0, 0
16:09:44 0, 0
16:09:46 3, 1067
16:09:48 40, 1189
16:09:50 27, 1335
16:09:52 47, 1731
16:09:54 29, 1737
16:09:56 71, 2601
16:09:58 41, 2961
16:10:00 29, 2961
16:10:02 31, 2973
16:10:04 35, 2973
16:10:06 85, 4109
16:10:08 55, 7373
16:10:10 92, 7373
16:10:12 73, 7373
16:10:14 27, 7373
16:10:16 36, 7373
16:10:18 31, 7373
16:10:20 35, 7373
16:10:22 36, 7373
16:10:24 68, 0
16:10:26 0, 0
16:10:28 0, 0
16:10:30 0, 0
16:10:32 17, 819
16:10:34 17, 847
16:10:37 24, 901
16:10:39 18, 903
16:10:41 25, 947
16:10:43 26, 1227
16:10:45 17, 1227
16:10:47 18, 1233
16:10:49 18, 1233
16:10:51 27, 1301
16:10:53 24, 2313
16:10:55 33, 2313
16:10:57 26, 2313
16:10:59 17, 2313
16:11:01 17, 2321
16:11:03 18, 2325
16:11:05 17, 2325
16:11:07 17, 2325
16:11:09 43, 0
16:11:11 0, 0
16:11:13 0, 0
16:11:15 0, 0
16:11:17 0, 0
16:11:19 0, 0
16:11:21 0, 0
16:11:23 0, 0
16:11:25 0, 0
16:11:27 0, 0
16:11:29 0, 0
16:11:31 0, 0
16:11:33 0, 0
16:11:35 0, 0
16:11:37 0, 0
16:11:39 0, 0
16:11:41 0, 0
16:11:43 0, 0
16:11:45 0, 0
16:11:47 0, 0
16:11:49 0, 0
16:11:52 0, 0
16:11:54 0, 0
16:11:56 0, 0
16:11:58 0, 0
16:12:00 0, 0
16:12:02 0, 0
16:12:04 0, 0
16:12:06 0, 0
16:12:08 0, 0
16:12:10 0, 0
16:12:12 0, 0
16:12:14 0, 0
16:12:16 0, 0
16:12:18 0, 0
16:12:20 0, 0
16:12:22 0, 0
16:12:24 0, 0
16:12:26 0, 0
16:12:28 0, 0
16:12:30 0, 0
16:12:32 0, 0
16:12:34 0, 0
16:12:36 0, 0
16:12:38 0, 0
16:12:40 0, 0
16:12:42 0, 0
16:12:44 0, 0
16:12:46 0, 0
16:12:48 0, 0
16:12:50 0, 0
16:12:52 0, 0
16:12:54 0, 0
16:12:56 0, 0
16:12:59 0, 0
16:13:01 0, 0
16:13:03 0, 0
16:13:05 0, 0
16:13:07 0, 0
16:13:09 0, 0
16:13:11 0, 0
16:13:13 0, 0
16:13:15 0, 0
16:13:17 0, 0
16:13:19 0, 0
16:13:21 0, 0
16:13:23 0, 0
16:13:25 0, 0
16:13:27 0, 0
16:13:29 0, 0
16:13:31 0, 0
16:13:33 0, 0
16:13:35 0, 0
16:13:37 0, 0
16:13:39 0, 0
16:13:41 0, 0
16:13:43 0, 0
16:13:45 0, 0
16:13:47 0, 0
16:13:49 0, 0
16:13:51 0, 0
16:13:53 0, 0
16:13:55 0, 0
16:13:57 0, 0
16:13:59 0, 0
16:14:01 0, 0
16:14:03 0, 0
16:14:06 0, 0
16:14:08 0, 0
16:14:10 0, 0
16:14:12 0, 0
16:14:14 0, 0
16:14:16 0, 0
16:14:18 0, 0
16:14:20 0, 0
16:14:22 0, 0
16:14:24 0, 0
16:14:26 0, 0
16:14:28 0, 0
16:14:30 0, 0
16:14:32 0, 0
16:14:34 0, 1843
16:14:36 0, 0
16:14:38 0, 0
16:14:40 0, 0
16:14:42 0, 0
16:14:44 0, 0
16:14:46 0, 0
16:14:48 0, 0
16:14:50 0, 0
16:14:52 0, 0
16:14:54 0, 0
16:14:56 0, 0
16:14:58 0, 0
16:15:00 0, 0
16:15:02 0, 0
16:15:04 0, 0
16:15:07 0, 0
16:15:09 0, 0
16:15:11 0, 0
16:15:13 0, 535
16:15:15 0, 535
16:15:17 0, 535
16:15:19 0, 535
16:15:21 0, 535
16:15:23 0, 535
16:15:25 0, 535
16:15:27 0, 535
16:15:29 0, 535
16:15:31 0, 535
16:15:33 0, 535
16:15:35 0, 535
16:15:37 0, 535
16:15:39 0, 535
16:15:41 52, 8453
16:15:43 0, 15979
16:15:45 97, 16145
16:15:47 99, 17049
16:15:49 100, 18163
16:15:51 100, 20167
16:15:54 100, 20167
16:15:56 100, 20167
16:15:58 0, 541
16:16:00 0, 0
16:16:02 0, 0
16:16:04 0, 0
16:16:06 0, 0
16:16:08 0, 0
16:16:10 0, 0
16:16:12 0, 0
16:16:14 0, 0
16:16:16 0, 0
16:16:18 0, 0
16:16:20 0, 0
16:16:22 0, 0
16:16:24 0, 0
16:16:26 0, 0
16:16:28 0, 0
16:16:30 0, 0
16:16:32 0, 0
16:16:34 0, 0
16:16:36 0, 0
16:16:38 0, 0
16:16:40 0, 0
16:16:42 0, 0
16:16:44 0, 0
16:16:46 0, 0
16:16:48 0, 0
16:16:50 0, 0
16:16:52 1, 785
16:16:54 0, 535
16:16:56 0, 535
16:16:58 0, 535
16:17:00 0, 535
16:17:02 0, 535
16:17:04 0, 535
16:17:07 0, 535
16:17:09 0, 535
16:17:11 0, 535
16:17:13 0, 535
16:17:15 0, 535
16:17:17 0, 535
16:17:19 0, 535
16:17:21 0, 535
16:17:23 0, 535
16:17:25 0, 535
16:17:27 56, 8873
16:17:29 0, 15979
16:17:31 77, 16013
16:17:33 99, 17049
16:17:35 100, 18163
16:17:37 100, 20167
16:17:39 100, 20167
16:17:41 100, 20167
16:17:43 0, 541
16:17:45 0, 0
16:17:47 0, 0
16:17:49 0, 0
16:17:51 0, 0
16:17:53 0, 0
16:17:55 0, 0
16:17:57 0, 0
16:17:59 0, 0
16:18:01 0, 0
16:18:03 0, 0
16:18:06 0, 0
16:18:08 0, 0
16:18:10 0, 0
16:18:12 0, 0
16:18:14 0, 0
16:18:16 0, 0
16:18:18 0, 0
16:18:20 0, 0
16:18:22 0, 0
16:18:24 0, 0
16:18:26 0, 0
16:18:28 0, 0
16:18:30 0, 0
16:18:32 0, 0
16:18:34 0, 0
16:18:36 0, 0
16:18:38 0, 0
16:18:40 0, 0
16:18:42 0, 0
16:18:44 0, 0
16:18:46 0, 0
16:18:48 0, 0
16:18:50 0, 0
16:18:52 0, 0
16:18:54 0, 0
16:18:56 0, 0
16:18:58 0, 0
16:19:01 0, 0
16:19:03 0, 0
16:19:05 0, 0
16:19:07 0, 0
16:19:09 0, 0
16:19:11 0, 0
16:19:13 0, 0
16:19:15 0, 0
16:19:17 0, 0
16:19:19 0, 0
16:19:21 0, 0
16:19:23 0, 0
16:19:25 0, 0
16:19:27 0, 0
16:19:29 0, 0
16:19:31 0, 0
16:19:33 0, 0
16:19:35 0, 0
16:19:37 0, 0
16:19:39 0, 0
16:19:41 0, 0
16:19:43 0, 0
16:19:45 0, 0
16:19:47 0, 0
16:19:49 0, 0
16:19:51 0, 0
16:19:53 0, 0
16:19:55 0, 0
16:19:57 0, 0
16:19:59 0, 0
16:20:01 0, 0
16:20:03 0, 0
16:20:05 0, 0
16:20:07 0, 0
16:20:09 0, 0
16:20:11 0, 0
16:20:13 0, 0
16:20:16 0, 0
16:20:18 0, 0
16:20:20 0, 0
16:20:22 0, 0
16:20:24 0, 0
16:20:26 0, 0
16:20:28 0, 0
16:20:30 0, 0
16:20:32 0, 0
16:20:34 0, 0
16:20:36 0, 0
16:20:38 0, 0
16:20:40 0, 0
16:20:42 0, 0
16:20:44 0, 0
16:20:46 0, 0
16:20:48 0, 0
16:20:50 0, 0
16:20:52 0, 0
16:20:54 0, 0
16:20:56 0, 0
16:20:58 0, 0
16:21:00 0, 0
16:21:02 0, 0
16:21:04 0, 0
16:21:06 0, 0
16:21:08 0, 0
16:21:10 0, 0
16:21:12 0, 0
16:21:14 0, 0
16:21:16 0, 0
16:21:18 0, 0
16:21:20 0, 0
16:21:22 0, 0
16:21:24 0, 0
16:21:27 0, 0
16:21:29 0, 0
16:21:31 0, 0
16:21:33 0, 0
16:21:35 0, 0
16:21:37 0, 0
16:21:39 0, 0
16:21:41 0, 0
16:21:43 0, 0
16:21:45 0, 0
16:21:47 0, 0
16:21:49 0, 0
16:21:51 0, 0
16:21:53 0, 0
16:21:55 0, 0
16:21:57 0, 0
16:21:59 0, 0
16:22:01 0, 0
16:22:03 0, 0
16:22:05 0, 0
16:22:07 0, 0
16:22:09 0, 0
16:22:11 0, 0
16:22:13 0, 0
16:22:15 0, 0
16:22:17 0, 0
16:22:19 0, 0
16:22:21 0, 0
16:22:23 0, 0
16:22:25 0, 0
16:22:27 0, 0
16:22:29 0, 0
16:22:32 0, 0
16:22:34 0, 0
16:22:36 0, 0
16:22:38 0, 0
16:22:40 0, 0
16:22:42 0, 0
16:22:44 0, 0
16:22:46 0, 0
16:22:48 0, 0
16:22:50 0, 0
16:22:52 0, 0
16:22:54 0, 0
16:22:56 0, 0
16:22:58 0, 0
16:23:00 0, 0
16:23:02 0, 0
16:23:04 0, 0
16:23:06 0, 0
16:23:08 0, 0
16:23:10 0, 0
16:23:12 0, 0
16:23:14 0, 0
16:23:16 0, 0
16:23:18 0, 0
16:23:20 0, 0
16:23:22 0, 0
16:23:24 0, 0
16:23:26 0, 0
16:23:28 0, 0
16:23:30 0, 0
16:23:32 0, 0
16:23:34 0, 0
16:23:37 0, 0
16:23:39 0, 0
16:23:41 0, 0
16:23:43 0, 0
16:23:45 0, 0
16:23:47 0, 0
16:23:49 0, 0
16:23:51 0, 0
16:23:53 0, 0
16:23:55 0, 0
16:23:57 0, 0
16:23:59 0, 0
16:24:01 0, 0
16:24:03 0, 0
16:24:05 0, 0
16:24:07 0, 0
16:24:09 0, 0
16:24:11 0, 0
16:24:13 0, 0
16:24:15 0, 0
16:24:17 0, 0
16:24:19 0, 0
16:24:21 0, 0
16:24:23 0, 0
16:24:25 0, 0
16:24:27 0, 0
16:24:29 0, 0
16:24:31 0, 0
16:24:33 0, 0
16:24:35 0, 0
16:24:37 0, 0
16:24:39 0, 0
16:24:41 0, 0
16:24:44 0, 0
16:24:46 0, 0
16:24:48 0, 0
16:24:50 0, 0
16:24:52 0, 0
16:24:54 0, 0
16:24:56 0, 0
16:24:58 0, 0
16:25:00 0, 0
16:25:02 0, 0
16:25:04 0, 0
16:25:06 0, 0
16:25:08 0, 0
16:25:10 0, 0
16:25:12 0, 0
16:25:14 0, 0
16:25:16 0, 0
16:25:18 0, 0
16:25:20 0, 0
16:25:22 0, 0
16:25:24 0, 0
16:25:27 0, 0
16:25:29 0, 0
16:25:31 0, 0
16:25:33 0, 0
16:25:35 53, 2731
16:25:37 81, 15881
16:25:39 0, 15949
16:25:41 98, 16149
16:25:43 98, 16645
16:25:45 98, 17289
16:25:47 98, 18129
16:25:49 98, 19005
16:25:51 99, 20025
16:25:53 99, 20985
16:25:55 99, 22269
16:25:57 99, 23449
16:25:59 99, 24465
16:26:01 99, 25825
16:26:03 99, 26985
16:26:05 99, 28209
16:26:07 99, 29497
16:26:09 99, 30505
16:26:11 99, 31905
16:26:13 99, 32997
16:26:15 100, 34509
16:26:17 100, 35685
16:26:19 99, 36897
16:26:21 99, 38145
16:26:23 100, 39429
16:26:26 100, 40749
16:26:28 99, 42105
16:26:30 99, 43497
16:26:32 99, 44685
16:26:34 100, 16733
16:26:36 99, 17721
16:26:38 99, 19233
16:26:40 100, 20261
16:26:42 99, 21833
16:26:44 98, 22367
16:26:46 98, 22371
16:26:48 98, 22371
16:26:50 98, 22371
16:26:52 98, 22371
16:26:54 98, 22371
16:26:56 99, 22371
16:26:58 99, 22371
16:27:00 99, 22371
16:27:02 99, 22371
16:27:04 99, 22371
16:27:06 99, 22371
16:27:08 99, 22371
16:27:10 99, 22371
16:27:12 99, 22371
16:27:14 100, 22371
16:27:16 99, 22371
16:27:18 99, 22371
16:27:20 99, 22371
16:27:22 100, 22371
16:27:24 100, 22371
16:27:26 100, 22371
16:27:28 100, 22371
16:27:30 100, 22371
16:27:32 100, 22371
16:27:34 100, 22371
16:27:37 100, 22371
16:27:39 100, 22371
16:27:41 100, 22371
16:27:43 100, 22371
16:27:45 100, 22371
16:27:47 100, 22371
16:27:49 98, 22371
16:27:51 98, 22371
16:27:53 98, 22371
16:27:55 99, 22371
16:27:57 98, 22371
16:27:59 99, 22371
16:28:01 99, 22371
16:28:03 99, 22371
16:28:05 99, 22371
16:28:07 99, 22371
16:28:09 99, 22371
16:28:11 100, 22371
16:28:13 99, 22371
16:28:15 99, 22371
16:28:17 99, 22371
16:28:19 99, 22371
16:28:21 99, 22371
16:28:23 99, 22371
16:28:25 100, 22371
16:28:27 100, 22371
16:28:29 100, 22371
16:28:31 100, 22371
16:28:33 100, 22371
16:28:35 100, 22371
16:28:37 99, 22371
16:28:39 100, 22371
16:28:41 100, 22371
16:28:43 100, 22371
16:28:45 100, 22371
16:28:48 100, 22371
16:28:50 100, 22371
16:28:52 100, 22371
16:28:54 100, 22377
16:28:56 100, 22393
16:28:58 100, 22411
16:29:00 98, 22433
16:29:02 100, 22433
16:29:04 100, 22435
16:29:06 100, 22435
16:29:08 100, 22435
16:29:10 100, 22435
16:29:12 100, 22435
16:29:14 100, 22435
16:29:16 100, 22435
16:29:18 100, 22435
16:29:20 100, 22435
16:29:22 100, 22435
16:29:24 98, 22435
16:29:26 99, 22435
16:29:28 99, 22435
16:29:30 100, 22435
16:29:32 100, 22435
16:29:34 100, 22435
16:29:36 100, 22435
16:29:38 100, 22435
16:29:40 100, 22435
16:29:42 99, 22435
16:29:44 100, 22435
16:29:46 99, 22435
16:29:48 100, 22435
16:29:51 99, 22435
16:29:53 99, 22435
16:29:55 100, 22435
16:29:57 100, 22435
16:29:59 100, 22435
16:30:01 100, 22435
16:30:03 100, 22435
16:30:05 100, 22435
16:30:07 100, 22435
16:30:09 98, 22435
16:30:11 98, 22435
16:30:13 98, 22435
16:30:15 99, 22435
16:30:17 99, 22435
16:30:19 99, 22435
16:30:21 99, 22435
16:30:23 99, 22435
16:30:25 99, 22435
16:30:27 99, 22435
16:30:29 99, 22435
16:30:31 99, 22435
16:30:33 100, 22435
16:30:35 100, 22435
16:30:37 100, 22435
16:30:39 100, 22435
16:30:41 100, 22435
16:30:43 100, 22435
16:30:45 100, 22435
16:30:47 100, 22435
16:30:49 100, 22435
16:30:51 100, 22435
16:30:53 99, 22435
16:30:55 100, 22435
16:30:58 100, 22435
16:31:00 100, 22435
16:31:02 100, 22435
16:31:04 99, 22435
16:31:06 100, 22435
16:31:08 100, 22435
16:31:10 100, 22435
16:31:12 99, 23241
16:31:14 100, 24603
16:31:16 99, 25711
16:31:18 99, 27119
16:31:20 100, 28551
16:31:22 99, 29715
16:31:24 99, 30895
16:31:26 100, 32091
16:31:28 100, 33609
16:31:30 100, 34841
16:31:32 100, 36403
16:31:34 100, 37671
16:31:36 100, 38955
16:31:38 100, 40255
16:31:40 100, 41241
16:31:42 100, 42235
16:31:44 99, 43575
16:31:46 100, 44931
16:31:48 100, 17603
16:31:50 100, 18991
16:31:52 100, 20395
16:31:54 100, 21459
16:31:56 100, 22531
16:31:58 100, 23975
16:32:00 100, 25435
16:32:02 100, 26911
16:32:04 100, 28403
16:32:06 100, 29533
16:32:08 100, 30671
16:32:11 100, 32203
16:32:13 100, 33751
16:32:15 100, 34531
16:32:17 100, 36103
16:32:19 100, 37691
16:32:21 100, 38491
16:32:23 100, 40103
16:32:25 100, 41731
16:32:27 100, 42551
16:32:29 100, 44203
16:32:31 100, 45453
16:32:33 100, 17907
16:32:35 100, 19175
16:32:37 100, 20451
16:32:39 100, 22167
16:32:41 100, 23031
16:32:43 100, 24771
16:32:45 100, 25647
16:32:47 100, 27411
16:32:49 100, 28299
16:32:51 100, 30087
16:32:53 100, 30987
16:32:55 100, 32799
16:32:57 100, 33711
16:32:59 100, 35547
16:33:01 100, 36471
16:33:03 100, 37865
16:33:05 100, 39267
16:33:07 100, 40207
16:33:09 100, 42099
16:33:11 100, 43051
16:33:13 100, 44967
16:33:15 100, 17195
16:33:17 100, 18163
16:33:19 100, 19623
16:33:22 100, 21091
16:33:24 100, 22075
16:33:26 100, 24055
16:33:28 100, 25051
16:33:30 100, 26051
16:33:32 100, 28063
16:33:34 100, 29075
16:33:36 100, 30091
16:33:38 100, 31623
16:33:40 100, 33163
16:33:42 100, 34195
16:33:44 97, 35233
16:33:46 98, 35235
16:33:48 98, 35235
16:33:50 98, 35235
16:33:52 98, 35235
16:33:54 98, 35235
16:33:56 99, 35235
16:33:58 99, 35235
16:34:00 99, 35235
16:34:02 99, 35235
16:34:04 99, 35235
16:34:06 99, 35235
16:34:08 100, 35235
16:34:10 99, 35235
16:34:12 99, 35235
16:34:14 99, 35235
16:34:16 100, 35235
16:34:18 99, 35235
16:34:20 99, 35235
16:34:22 100, 35235
16:34:24 99, 35235
16:34:26 99, 35235
16:34:28 100, 35235
16:34:30 99, 35235
16:34:32 100, 35235
16:34:35 100, 35235
16:34:37 100, 35235
16:34:39 99, 35235
16:34:41 99, 35235
16:34:43 100, 35235
16:34:45 99, 35235
16:34:47 100, 35235
16:34:49 100, 35235
16:34:51 99, 35235
16:34:53 100, 35235
16:34:55 100, 35235
16:34:57 100, 35235
16:34:59 100, 35235
16:35:01 100, 35235
16:35:03 100, 35235
16:35:05 100, 35235
16:35:07 100, 35235
16:35:09 100, 35235
16:35:11 100, 35235
16:35:13 99, 35235
16:35:15 100, 35235
16:35:17 100, 35235
16:35:19 100, 35235
16:35:21 100, 35235
16:35:23 100, 35235
16:35:25 100, 35235
16:35:27 100, 35235
16:35:29 100, 35235
16:35:31 100, 35235
16:35:33 100, 35235
16:35:35 100, 35235
16:35:37 100, 35235
16:35:39 100, 35235
16:35:41 100, 35235
16:35:43 100, 35235
16:35:46 100, 35235
16:35:48 100, 35235
16:35:50 100, 35235
16:35:52 100, 35235
16:35:54 100, 35235
16:35:56 100, 35235
16:35:58 100, 35235
16:36:00 100, 35235
16:36:02 100, 35235
16:36:04 100, 35235
16:36:06 100, 35235
16:36:08 100, 35235
16:36:10 100, 35235
16:36:12 100, 35235
16:36:14 100, 35235
16:36:16 100, 35235
16:36:18 99, 35235
16:36:20 100, 35235
16:36:22 100, 35235
16:36:24 100, 35235
16:36:26 100, 35235
16:36:28 100, 35235
16:36:30 100, 35235
16:36:32 100, 35235
16:36:34 100, 35235
16:36:36 100, 35235
16:36:38 100, 35235
16:36:40 100, 35235
16:36:42 100, 35235
16:36:44 100, 35235
16:36:46 100, 35235
16:36:48 100, 35235
16:36:50 100, 35235
16:36:52 100, 35235
16:36:54 100, 35235
16:36:56 100, 35235
16:36:59 100, 35235
16:37:01 100, 35235
16:37:03 100, 35235
16:37:05 100, 35235
16:37:07 100, 35235
16:37:09 100, 35235
16:37:11 100, 35235
16:37:13 100, 35235
16:37:15 100, 35235
16:37:17 100, 35235
16:37:19 100, 35235
16:37:21 100, 35235
16:37:23 100, 35235
16:37:25 100, 35235
16:37:27 98, 35235
16:37:29 97, 35235
16:37:31 98, 35235
16:37:33 98, 35235
16:37:35 98, 35235
16:37:37 98, 35235
16:37:39 99, 35235
16:37:41 99, 35235
16:37:43 99, 35235
16:37:45 99, 35235
16:37:47 99, 35235
16:37:49 99, 35235
16:37:51 99, 35235
16:37:53 99, 35235
16:37:55 100, 35235
16:37:57 100, 35235
16:37:59 100, 35235
16:38:01 99, 35235
16:38:03 99, 35235
16:38:05 100, 35235
16:38:07 100, 35235
16:38:10 100, 35235
16:38:12 99, 35235
16:38:14 99, 35235
16:38:16 100, 35235
16:38:18 100, 35235
16:38:20 100, 35235
16:38:22 100, 35235
16:38:24 100, 35235
16:38:26 100, 35235
16:38:28 100, 35235
16:38:30 100, 35235
16:38:32 100, 35235
16:38:34 99, 35235
16:38:36 100, 35235
16:38:38 100, 35235
16:38:40 100, 35235
16:38:42 100, 35235
16:38:44 100, 35235
16:38:46 100, 35235
16:38:48 100, 35235
16:38:50 99, 35235
16:38:52 100, 35235
16:38:54 100, 35235
16:38:56 100, 35235
16:38:58 100, 35235
16:39:00 100, 35235
16:39:02 100, 35235
16:39:04 100, 35235
16:39:06 100, 35235
16:39:08 100, 35235
16:39:10 100, 35235
16:39:12 99, 35235
16:39:14 100, 35235
16:39:16 100, 35235
16:39:18 99, 35235
16:39:20 100, 35235
16:39:23 100, 35235
16:39:25 100, 35235
16:39:27 100, 35235
16:39:29 100, 35235
16:39:31 100, 35235
16:39:33 100, 35235
16:39:35 100, 35235
16:39:37 100, 35235
16:39:39 100, 35235
16:39:41 100, 35235
16:39:43 100, 35235
16:39:45 100, 35235
16:39:47 100, 35235
16:39:49 100, 35235
16:39:51 100, 35235
16:39:53 100, 35235
16:39:55 100, 35235
16:39:57 100, 35235
16:39:59 100, 35235
16:40:01 100, 35235
16:40:03 100, 35235
16:40:05 100, 35235
16:40:07 100, 35235
16:40:09 100, 35235
16:40:11 100, 35235
16:40:13 100, 35235
16:40:15 100, 35235
16:40:17 100, 35235
16:40:19 100, 35235
16:40:21 100, 35235
16:40:23 100, 35235
16:40:25 100, 35235
16:40:27 100, 35235
16:40:29 100, 35235
16:40:31 100, 35235
16:40:33 100, 35235
16:40:36 100, 35235
16:40:38 100, 35235
16:40:40 100, 35235
16:40:42 100, 35235
16:40:44 100, 35235
16:40:46 100, 35235
16:40:48 100, 35235
16:40:50 100, 35235
16:40:52 100, 35235
16:40:54 100, 35235
16:40:56 100, 35235
16:40:58 100, 35235
16:41:00 100, 35235
16:41:02 100, 35235
16:41:04 100, 35235
16:41:06 100, 35235
16:41:08 100, 35235
16:41:10 100, 35235
16:41:12 100, 35239
16:41:14 100, 35251
16:41:16 100, 35263
16:41:18 100, 35275
16:41:20 100, 35297
16:41:22 100, 35297
16:41:24 100, 35299
16:41:26 100, 35299
16:41:28 100, 35299
16:41:30 100, 35299
16:41:32 100, 35299
16:41:34 100, 35299
16:41:36 100, 35299
16:41:38 100, 35299
16:41:40 100, 35299
16:41:43 100, 35299
16:41:45 100, 35299
16:41:47 100, 35299
16:41:49 100, 35299
16:41:51 100, 35299
16:41:53 100, 35299
16:41:55 100, 35299
16:41:57 100, 35299
16:41:59 100, 35299
16:42:01 100, 35299
16:42:03 100, 35299
16:42:05 100, 35299
16:42:07 99, 35299
16:42:09 100, 35299
16:42:11 99, 35299
16:42:13 99, 35299
16:42:15 100, 35299
16:42:17 100, 35299
16:42:19 100, 35299
16:42:21 100, 35299
16:42:23 100, 35299
16:42:25 100, 35299
16:42:27 100, 35299
16:42:29 100, 35299
16:42:31 100, 35299
16:42:33 100, 35299
16:42:35 100, 35299
16:42:37 100, 35299
16:42:39 100, 35299
16:42:41 100, 35299
16:42:44 100, 35299
16:42:46 100, 35299
16:42:48 100, 35299
16:42:50 100, 35299
16:42:52 100, 35299
16:42:54 100, 35299
16:42:56 100, 35299
16:42:58 99, 35299
16:43:00 100, 35299
16:43:02 99, 35299
16:43:04 100, 35299
16:43:06 100, 35299
16:43:08 100, 35299
16:43:10 100, 35299
16:43:12 100, 35299
16:43:14 100, 35299
16:43:16 100, 35299
16:43:18 100, 35299
16:43:20 100, 35299
16:43:22 100, 35299
16:43:24 100, 35299
16:43:26 100, 35299
16:43:28 100, 35299
16:43:30 100, 35299
16:43:32 100, 35299
16:43:34 100, 35299
16:43:36 100, 35299
16:43:38 100, 35299
16:43:40 100, 35299
16:43:42 0, 35299
16:43:44 0, 0
16:43:47 0, 0
16:43:49 0, 0
16:43:51 0, 0
16:43:53 0, 0
16:43:55 0, 0
16:43:57 0, 0
16:43:59 0, 0
16:44:01 0, 0
16:44:03 0, 0
16:44:05 0, 0
16:44:07 0, 0
16:44:09 0, 0
16:44:11 0, 0
16:44:13 0, 0
16:44:15 0, 0
16:44:17 0, 0
16:44:19 0, 0
16:44:21 0, 0
16:44:23 0, 0
16:44:25 0, 0
16:44:27 0, 0
16:44:29 0, 0
16:44:31 0, 0
16:44:33 0, 0
16:44:35 0, 0
16:44:37 0, 0
16:44:39 0, 0
16:44:41 0, 0
16:44:43 0, 0
16:44:45 0, 0
16:44:47 0, 0
16:44:49 0, 0
16:44:52 0, 0
16:44:54 0, 0
16:44:56 0, 0
16:44:58 0, 0
16:45:00 0, 0
16:45:02 0, 0
16:45:04 0, 0
16:45:06 0, 0
16:45:08 0, 0
16:45:10 0, 0
16:45:12 0, 0
16:45:14 0, 0
16:45:16 0, 0
16:45:18 0, 0
16:45:20 0, 0
16:45:22 0, 0
16:45:24 0, 0
16:45:26 0, 0
16:45:28 0, 0
16:45:30 0, 0
16:45:32 0, 0
16:45:34 0, 0
16:45:36 0, 0
16:45:38 0, 0
16:45:40 0, 0
16:45:42 0, 0
16:45:44 0, 0
16:45:46 0, 0
16:45:48 0, 0
16:45:50 0, 0
16:45:52 0, 0
16:45:54 0, 0
16:45:56 0, 0
16:45:59 0, 0
16:46:01 0, 0
16:46:03 0, 0
16:46:05 0, 0
16:46:07 0, 0
16:46:09 0, 0
16:46:11 0, 0
16:46:13 0, 0
16:46:15 0, 0
16:46:17 0, 0
16:46:19 0, 0
16:46:21 0, 0
16:46:23 0, 0
16:46:25 0, 0
16:46:27 0, 0
16:46:29 0, 0
16:46:31 0, 0
16:46:33 0, 0
16:46:35 0, 0
16:46:37 0, 0
16:46:39 0, 0
16:46:41 0, 0
16:46:43 0, 0
16:46:45 0, 0
16:46:47 0, 0
16:46:49 0, 0
16:46:51 0, 0
16:46:53 0, 0
16:46:55 0, 0
16:46:57 0, 0
16:46:59 0, 0
16:47:01 0, 0
16:47:03 0, 0
16:47:05 0, 0
16:47:08 0, 0
16:47:10 0, 0
16:47:12 0, 0
16:47:14 0, 0
16:47:16 0, 0
16:47:18 0, 0
16:47:20 0, 0
16:47:22 0, 0
16:47:24 0, 0
16:47:26 0, 0
16:47:28 0, 0
16:47:30 0, 0
16:47:32 0, 0
16:47:34 0, 0
16:47:36 0, 0
16:47:38 0, 0
16:47:40 0, 0
16:47:42 0, 0
16:47:44 0, 0
16:47:46 0, 0
16:47:48 0, 0
16:47:50 0, 0
16:47:52 0, 0
16:47:54 0, 0
16:47:56 0, 0
16:47:58 0, 0
16:48:00 0, 0
16:48:02 0, 0
16:48:04 0, 0
16:48:06 0, 0
16:48:08 0, 0
16:48:10 0, 0
16:48:12 0, 0
16:48:15 0, 0
16:48:17 0, 0
16:48:19 0, 0
16:48:21 0, 0
16:48:23 0, 0
16:48:25 0, 0
16:48:27 0, 0
16:48:29 0, 0
16:48:31 0, 0
16:48:33 0, 0
16:48:35 0, 0
